
Allocating common symbols
Common symbol       size              file

pFlash              0x18              ..\obj\stm32f2xx_hal_flash.o

Discarded input sections

 .text          0x00000000        0x0 ..\obj\stm32f2xx_hal_spi.o
 .data          0x00000000        0x0 ..\obj\stm32f2xx_hal_spi.o
 .bss           0x00000000        0x0 ..\obj\stm32f2xx_hal_spi.o
 .debug_info    0x00000000       0x8e ..\obj\stm32f2xx_hal_spi.o
 .debug_abbrev  0x00000000       0x49 ..\obj\stm32f2xx_hal_spi.o
 .debug_aranges
                0x00000000       0x18 ..\obj\stm32f2xx_hal_spi.o
 .debug_line    0x00000000      0x11f ..\obj\stm32f2xx_hal_spi.o
 .debug_str     0x00000000      0x17d ..\obj\stm32f2xx_hal_spi.o
 .comment       0x00000000       0x71 ..\obj\stm32f2xx_hal_spi.o
 .ARM.attributes
                0x00000000       0x33 ..\obj\stm32f2xx_hal_spi.o
 .text          0x00000000        0x0 ..\obj\stm32f2xx_hal_i2c.o
 .data          0x00000000        0x0 ..\obj\stm32f2xx_hal_i2c.o
 .bss           0x00000000        0x0 ..\obj\stm32f2xx_hal_i2c.o
 .debug_info    0x00000000       0x8e ..\obj\stm32f2xx_hal_i2c.o
 .debug_abbrev  0x00000000       0x49 ..\obj\stm32f2xx_hal_i2c.o
 .debug_aranges
                0x00000000       0x18 ..\obj\stm32f2xx_hal_i2c.o
 .debug_line    0x00000000      0x11f ..\obj\stm32f2xx_hal_i2c.o
 .debug_str     0x00000000      0x17d ..\obj\stm32f2xx_hal_i2c.o
 .comment       0x00000000       0x71 ..\obj\stm32f2xx_hal_i2c.o
 .ARM.attributes
                0x00000000       0x33 ..\obj\stm32f2xx_hal_i2c.o
 .text          0x00000000        0x0 ..\obj\stm32f2xx_hal_rng.o
 .data          0x00000000        0x0 ..\obj\stm32f2xx_hal_rng.o
 .bss           0x00000000        0x0 ..\obj\stm32f2xx_hal_rng.o
 .debug_info    0x00000000       0x8e ..\obj\stm32f2xx_hal_rng.o
 .debug_abbrev  0x00000000       0x49 ..\obj\stm32f2xx_hal_rng.o
 .debug_aranges
                0x00000000       0x18 ..\obj\stm32f2xx_hal_rng.o
 .debug_line    0x00000000      0x11f ..\obj\stm32f2xx_hal_rng.o
 .debug_str     0x00000000      0x17d ..\obj\stm32f2xx_hal_rng.o
 .comment       0x00000000       0x71 ..\obj\stm32f2xx_hal_rng.o
 .ARM.attributes
                0x00000000       0x33 ..\obj\stm32f2xx_hal_rng.o
 .text          0x00000000        0x0 ..\obj\stm32f2xx_hal_pccard.o
 .data          0x00000000        0x0 ..\obj\stm32f2xx_hal_pccard.o
 .bss           0x00000000        0x0 ..\obj\stm32f2xx_hal_pccard.o
 .debug_info    0x00000000       0x8e ..\obj\stm32f2xx_hal_pccard.o
 .debug_abbrev  0x00000000       0x49 ..\obj\stm32f2xx_hal_pccard.o
 .debug_aranges
                0x00000000       0x18 ..\obj\stm32f2xx_hal_pccard.o
 .debug_line    0x00000000      0x11f ..\obj\stm32f2xx_hal_pccard.o
 .debug_str     0x00000000      0x180 ..\obj\stm32f2xx_hal_pccard.o
 .comment       0x00000000       0x71 ..\obj\stm32f2xx_hal_pccard.o
 .ARM.attributes
                0x00000000       0x33 ..\obj\stm32f2xx_hal_pccard.o
 .text          0x00000000        0x0 ..\obj\stm32f2xx_hal_cryp.o
 .data          0x00000000        0x0 ..\obj\stm32f2xx_hal_cryp.o
 .bss           0x00000000        0x0 ..\obj\stm32f2xx_hal_cryp.o
 .debug_info    0x00000000       0x8e ..\obj\stm32f2xx_hal_cryp.o
 .debug_abbrev  0x00000000       0x49 ..\obj\stm32f2xx_hal_cryp.o
 .debug_aranges
                0x00000000       0x18 ..\obj\stm32f2xx_hal_cryp.o
 .debug_line    0x00000000      0x11f ..\obj\stm32f2xx_hal_cryp.o
 .debug_str     0x00000000      0x17e ..\obj\stm32f2xx_hal_cryp.o
 .comment       0x00000000       0x71 ..\obj\stm32f2xx_hal_cryp.o
 .ARM.attributes
                0x00000000       0x33 ..\obj\stm32f2xx_hal_cryp.o
 .text          0x00000000        0x0 ..\obj\stm32f2xx_hal_eth.o
 .data          0x00000000        0x0 ..\obj\stm32f2xx_hal_eth.o
 .bss           0x00000000        0x0 ..\obj\stm32f2xx_hal_eth.o
 .debug_info    0x00000000       0x8e ..\obj\stm32f2xx_hal_eth.o
 .debug_abbrev  0x00000000       0x49 ..\obj\stm32f2xx_hal_eth.o
 .debug_aranges
                0x00000000       0x18 ..\obj\stm32f2xx_hal_eth.o
 .debug_line    0x00000000      0x11f ..\obj\stm32f2xx_hal_eth.o
 .debug_str     0x00000000      0x17d ..\obj\stm32f2xx_hal_eth.o
 .comment       0x00000000       0x71 ..\obj\stm32f2xx_hal_eth.o
 .ARM.attributes
                0x00000000       0x33 ..\obj\stm32f2xx_hal_eth.o
 .text          0x00000000       0x14 ..\obj\startup_stm32f207xx.o
 .data          0x00000000        0x0 ..\obj\startup_stm32f207xx.o
 .bss           0x00000000        0x0 ..\obj\startup_stm32f207xx.o
 .text          0x00000000        0x0 ..\obj\stm32f2xx_hal_rtc_ex.o
 .data          0x00000000        0x0 ..\obj\stm32f2xx_hal_rtc_ex.o
 .bss           0x00000000        0x0 ..\obj\stm32f2xx_hal_rtc_ex.o
 .debug_info    0x00000000       0x8e ..\obj\stm32f2xx_hal_rtc_ex.o
 .debug_abbrev  0x00000000       0x49 ..\obj\stm32f2xx_hal_rtc_ex.o
 .debug_aranges
                0x00000000       0x18 ..\obj\stm32f2xx_hal_rtc_ex.o
 .debug_line    0x00000000      0x11f ..\obj\stm32f2xx_hal_rtc_ex.o
 .debug_str     0x00000000      0x180 ..\obj\stm32f2xx_hal_rtc_ex.o
 .comment       0x00000000       0x71 ..\obj\stm32f2xx_hal_rtc_ex.o
 .ARM.attributes
                0x00000000       0x33 ..\obj\stm32f2xx_hal_rtc_ex.o
 .text          0x00000000        0x0 ..\obj\stm32f2xx_hal_rtc.o
 .data          0x00000000        0x0 ..\obj\stm32f2xx_hal_rtc.o
 .bss           0x00000000        0x0 ..\obj\stm32f2xx_hal_rtc.o
 .debug_info    0x00000000       0x8e ..\obj\stm32f2xx_hal_rtc.o
 .debug_abbrev  0x00000000       0x49 ..\obj\stm32f2xx_hal_rtc.o
 .debug_aranges
                0x00000000       0x18 ..\obj\stm32f2xx_hal_rtc.o
 .debug_line    0x00000000      0x11f ..\obj\stm32f2xx_hal_rtc.o
 .debug_str     0x00000000      0x17d ..\obj\stm32f2xx_hal_rtc.o
 .comment       0x00000000       0x71 ..\obj\stm32f2xx_hal_rtc.o
 .ARM.attributes
                0x00000000       0x33 ..\obj\stm32f2xx_hal_rtc.o
 .text          0x00000000        0x0 ..\obj\stm32f2xx_hal_gpio.o
 .data          0x00000000        0x0 ..\obj\stm32f2xx_hal_gpio.o
 .bss           0x00000000        0x0 ..\obj\stm32f2xx_hal_gpio.o
 .text.HAL_GPIO_DeInit
                0x00000000      0x13c ..\obj\stm32f2xx_hal_gpio.o
 .text.HAL_GPIO_ReadPin
                0x00000000       0x30 ..\obj\stm32f2xx_hal_gpio.o
 .text.HAL_GPIO_EXTI_IRQHandler
                0x00000000       0x30 ..\obj\stm32f2xx_hal_gpio.o
 .text.HAL_GPIO_EXTI_Callback
                0x00000000       0x14 ..\obj\stm32f2xx_hal_gpio.o
 .text          0x00000000        0x0 ..\obj\stm32f2xx_hal_smartcard.o
 .data          0x00000000        0x0 ..\obj\stm32f2xx_hal_smartcard.o
 .bss           0x00000000        0x0 ..\obj\stm32f2xx_hal_smartcard.o
 .debug_info    0x00000000       0x8e ..\obj\stm32f2xx_hal_smartcard.o
 .debug_abbrev  0x00000000       0x49 ..\obj\stm32f2xx_hal_smartcard.o
 .debug_aranges
                0x00000000       0x18 ..\obj\stm32f2xx_hal_smartcard.o
 .debug_line    0x00000000      0x11f ..\obj\stm32f2xx_hal_smartcard.o
 .debug_str     0x00000000      0x183 ..\obj\stm32f2xx_hal_smartcard.o
 .comment       0x00000000       0x71 ..\obj\stm32f2xx_hal_smartcard.o
 .ARM.attributes
                0x00000000       0x33 ..\obj\stm32f2xx_hal_smartcard.o
 .text          0x00000000        0x0 ..\obj\stm32f2xx_hal_rcc_ex.o
 .data          0x00000000        0x0 ..\obj\stm32f2xx_hal_rcc_ex.o
 .bss           0x00000000        0x0 ..\obj\stm32f2xx_hal_rcc_ex.o
 .text.HAL_RCCEx_GetPeriphCLKConfig
                0x00000000       0x94 ..\obj\stm32f2xx_hal_rcc_ex.o
 .text          0x00000000        0x0 ..\obj\stm32f2xx_hal_tim.o
 .data          0x00000000        0x0 ..\obj\stm32f2xx_hal_tim.o
 .bss           0x00000000        0x0 ..\obj\stm32f2xx_hal_tim.o
 .debug_info    0x00000000       0x8e ..\obj\stm32f2xx_hal_tim.o
 .debug_abbrev  0x00000000       0x49 ..\obj\stm32f2xx_hal_tim.o
 .debug_aranges
                0x00000000       0x18 ..\obj\stm32f2xx_hal_tim.o
 .debug_line    0x00000000      0x11f ..\obj\stm32f2xx_hal_tim.o
 .debug_str     0x00000000      0x17d ..\obj\stm32f2xx_hal_tim.o
 .comment       0x00000000       0x71 ..\obj\stm32f2xx_hal_tim.o
 .ARM.attributes
                0x00000000       0x33 ..\obj\stm32f2xx_hal_tim.o
 .text          0x00000000        0x0 ..\obj\stm32f2xx_hal_irda.o
 .data          0x00000000        0x0 ..\obj\stm32f2xx_hal_irda.o
 .bss           0x00000000        0x0 ..\obj\stm32f2xx_hal_irda.o
 .debug_info    0x00000000       0x8e ..\obj\stm32f2xx_hal_irda.o
 .debug_abbrev  0x00000000       0x49 ..\obj\stm32f2xx_hal_irda.o
 .debug_aranges
                0x00000000       0x18 ..\obj\stm32f2xx_hal_irda.o
 .debug_line    0x00000000      0x11f ..\obj\stm32f2xx_hal_irda.o
 .debug_str     0x00000000      0x17e ..\obj\stm32f2xx_hal_irda.o
 .comment       0x00000000       0x71 ..\obj\stm32f2xx_hal_irda.o
 .ARM.attributes
                0x00000000       0x33 ..\obj\stm32f2xx_hal_irda.o
 .text          0x00000000        0x0 ..\obj\stm32f2xx_hal_usart.o
 .data          0x00000000        0x0 ..\obj\stm32f2xx_hal_usart.o
 .bss           0x00000000        0x0 ..\obj\stm32f2xx_hal_usart.o
 .debug_info    0x00000000       0x8e ..\obj\stm32f2xx_hal_usart.o
 .debug_abbrev  0x00000000       0x49 ..\obj\stm32f2xx_hal_usart.o
 .debug_aranges
                0x00000000       0x18 ..\obj\stm32f2xx_hal_usart.o
 .debug_line    0x00000000      0x11f ..\obj\stm32f2xx_hal_usart.o
 .debug_str     0x00000000      0x17f ..\obj\stm32f2xx_hal_usart.o
 .comment       0x00000000       0x71 ..\obj\stm32f2xx_hal_usart.o
 .ARM.attributes
                0x00000000       0x33 ..\obj\stm32f2xx_hal_usart.o
 .text          0x00000000        0x0 ..\obj\stm32f2xx_hal_cortex.o
 .data          0x00000000        0x0 ..\obj\stm32f2xx_hal_cortex.o
 .bss           0x00000000        0x0 ..\obj\stm32f2xx_hal_cortex.o
 .text.NVIC_GetPriorityGrouping
                0x00000000       0x1c ..\obj\stm32f2xx_hal_cortex.o
 .text.NVIC_EnableIRQ
                0x00000000       0x30 ..\obj\stm32f2xx_hal_cortex.o
 .text.NVIC_DisableIRQ
                0x00000000       0x34 ..\obj\stm32f2xx_hal_cortex.o
 .text.NVIC_GetPendingIRQ
                0x00000000       0x40 ..\obj\stm32f2xx_hal_cortex.o
 .text.NVIC_SetPendingIRQ
                0x00000000       0x34 ..\obj\stm32f2xx_hal_cortex.o
 .text.NVIC_ClearPendingIRQ
                0x00000000       0x34 ..\obj\stm32f2xx_hal_cortex.o
 .text.NVIC_GetActive
                0x00000000       0x40 ..\obj\stm32f2xx_hal_cortex.o
 .text.NVIC_GetPriority
                0x00000000       0x50 ..\obj\stm32f2xx_hal_cortex.o
 .text.NVIC_EncodePriority
                0x00000000       0x68 ..\obj\stm32f2xx_hal_cortex.o
 .text.NVIC_DecodePriority
                0x00000000       0x6c ..\obj\stm32f2xx_hal_cortex.o
 .text.NVIC_SystemReset
                0x00000000       0x28 ..\obj\stm32f2xx_hal_cortex.o
 .text.HAL_NVIC_SetPriority
                0x00000000       0x38 ..\obj\stm32f2xx_hal_cortex.o
 .text.HAL_NVIC_EnableIRQ
                0x00000000       0x1c ..\obj\stm32f2xx_hal_cortex.o
 .text.HAL_NVIC_DisableIRQ
                0x00000000       0x1c ..\obj\stm32f2xx_hal_cortex.o
 .text.HAL_NVIC_SystemReset
                0x00000000        0xc ..\obj\stm32f2xx_hal_cortex.o
 .text.HAL_NVIC_GetPriorityGrouping
                0x00000000       0x10 ..\obj\stm32f2xx_hal_cortex.o
 .text.HAL_NVIC_GetPriority
                0x00000000       0x30 ..\obj\stm32f2xx_hal_cortex.o
 .text.HAL_NVIC_SetPendingIRQ
                0x00000000       0x1c ..\obj\stm32f2xx_hal_cortex.o
 .text.HAL_NVIC_GetPendingIRQ
                0x00000000       0x20 ..\obj\stm32f2xx_hal_cortex.o
 .text.HAL_NVIC_ClearPendingIRQ
                0x00000000       0x1c ..\obj\stm32f2xx_hal_cortex.o
 .text.HAL_NVIC_GetActive
                0x00000000       0x20 ..\obj\stm32f2xx_hal_cortex.o
 .text.HAL_SYSTICK_CLKSourceConfig
                0x00000000       0x38 ..\obj\stm32f2xx_hal_cortex.o
 .text.HAL_SYSTICK_IRQHandler
                0x00000000        0xc ..\obj\stm32f2xx_hal_cortex.o
 .text.HAL_SYSTICK_Callback
                0x00000000        0xc ..\obj\stm32f2xx_hal_cortex.o
 .text          0x00000000        0x0 ..\obj\main.o
 .data          0x00000000        0x0 ..\obj\main.o
 .bss           0x00000000        0x0 ..\obj\main.o
 .text          0x00000000        0x0 ..\obj\stm32f2xx_hal_flash.o
 .data          0x00000000        0x0 ..\obj\stm32f2xx_hal_flash.o
 .bss           0x00000000        0x0 ..\obj\stm32f2xx_hal_flash.o
 .text.HAL_FLASH_Program
                0x00000000       0xa8 ..\obj\stm32f2xx_hal_flash.o
 .text.HAL_FLASH_Program_IT
                0x00000000       0xa0 ..\obj\stm32f2xx_hal_flash.o
 .text.HAL_FLASH_IRQHandler
                0x00000000      0x160 ..\obj\stm32f2xx_hal_flash.o
 .text.HAL_FLASH_EndOfOperationCallback
                0x00000000       0x14 ..\obj\stm32f2xx_hal_flash.o
 .text.HAL_FLASH_OperationErrorCallback
                0x00000000       0x14 ..\obj\stm32f2xx_hal_flash.o
 .text.HAL_FLASH_Unlock
                0x00000000       0x34 ..\obj\stm32f2xx_hal_flash.o
 .text.HAL_FLASH_Lock
                0x00000000       0x20 ..\obj\stm32f2xx_hal_flash.o
 .text.HAL_FLASH_OB_Unlock
                0x00000000       0x38 ..\obj\stm32f2xx_hal_flash.o
 .text.HAL_FLASH_OB_Lock
                0x00000000       0x20 ..\obj\stm32f2xx_hal_flash.o
 .text.HAL_FLASH_OB_Launch
                0x00000000       0x28 ..\obj\stm32f2xx_hal_flash.o
 .text.HAL_FLASH_GetError
                0x00000000       0x18 ..\obj\stm32f2xx_hal_flash.o
 .text.FLASH_WaitForLastOperation
                0x00000000       0x5c ..\obj\stm32f2xx_hal_flash.o
 .text.FLASH_Program_DoubleWord
                0x00000000       0x48 ..\obj\stm32f2xx_hal_flash.o
 .text.FLASH_Program_Word
                0x00000000       0x44 ..\obj\stm32f2xx_hal_flash.o
 .text.FLASH_Program_HalfWord
                0x00000000       0x44 ..\obj\stm32f2xx_hal_flash.o
 .text.FLASH_Program_Byte
                0x00000000       0x40 ..\obj\stm32f2xx_hal_flash.o
 .text.FLASH_SetErrorCode
                0x00000000       0xb4 ..\obj\stm32f2xx_hal_flash.o
 .debug_info    0x00000000      0x55b ..\obj\stm32f2xx_hal_flash.o
 .debug_abbrev  0x00000000      0x1db ..\obj\stm32f2xx_hal_flash.o
 .debug_aranges
                0x00000000       0xa0 ..\obj\stm32f2xx_hal_flash.o
 .debug_ranges  0x00000000       0x90 ..\obj\stm32f2xx_hal_flash.o
 .debug_line    0x00000000      0x41c ..\obj\stm32f2xx_hal_flash.o
 .debug_str     0x00000000      0x544 ..\obj\stm32f2xx_hal_flash.o
 .comment       0x00000000       0x71 ..\obj\stm32f2xx_hal_flash.o
 .debug_frame   0x00000000      0x26c ..\obj\stm32f2xx_hal_flash.o
 .ARM.attributes
                0x00000000       0x33 ..\obj\stm32f2xx_hal_flash.o
 COMMON         0x00000000       0x18 ..\obj\stm32f2xx_hal_flash.o
 .text          0x00000000        0x0 ..\obj\stm32f2xx_hal_pwr.o
 .data          0x00000000        0x0 ..\obj\stm32f2xx_hal_pwr.o
 .bss           0x00000000        0x0 ..\obj\stm32f2xx_hal_pwr.o
 .text.HAL_PWR_DeInit
                0x00000000       0x28 ..\obj\stm32f2xx_hal_pwr.o
 .text.HAL_PWR_EnableBkUpAccess
                0x00000000       0x18 ..\obj\stm32f2xx_hal_pwr.o
 .text.HAL_PWR_DisableBkUpAccess
                0x00000000       0x18 ..\obj\stm32f2xx_hal_pwr.o
 .text.HAL_PWR_PVDConfig
                0x00000000       0xb0 ..\obj\stm32f2xx_hal_pwr.o
 .text.HAL_PWR_EnablePVD
                0x00000000       0x18 ..\obj\stm32f2xx_hal_pwr.o
 .text.HAL_PWR_DisablePVD
                0x00000000       0x18 ..\obj\stm32f2xx_hal_pwr.o
 .text.HAL_PWR_EnableWakeUpPin
                0x00000000       0x1c ..\obj\stm32f2xx_hal_pwr.o
 .text.HAL_PWR_DisableWakeUpPin
                0x00000000       0x1c ..\obj\stm32f2xx_hal_pwr.o
 .text.HAL_PWR_EnterSLEEPMode
                0x00000000       0x40 ..\obj\stm32f2xx_hal_pwr.o
 .text.HAL_PWR_EnterSTOPMode
                0x00000000       0x64 ..\obj\stm32f2xx_hal_pwr.o
 .text.HAL_PWR_EnterSTANDBYMode
                0x00000000       0x3c ..\obj\stm32f2xx_hal_pwr.o
 .text.HAL_PWR_PVD_IRQHandler
                0x00000000       0x24 ..\obj\stm32f2xx_hal_pwr.o
 .text.HAL_PWR_PVDCallback
                0x00000000        0xc ..\obj\stm32f2xx_hal_pwr.o
 .debug_info    0x00000000      0x714 ..\obj\stm32f2xx_hal_pwr.o
 .debug_abbrev  0x00000000      0x1b8 ..\obj\stm32f2xx_hal_pwr.o
 .debug_aranges
                0x00000000       0x80 ..\obj\stm32f2xx_hal_pwr.o
 .debug_ranges  0x00000000       0x70 ..\obj\stm32f2xx_hal_pwr.o
 .debug_line    0x00000000      0x386 ..\obj\stm32f2xx_hal_pwr.o
 .debug_str     0x00000000      0x4ce ..\obj\stm32f2xx_hal_pwr.o
 .comment       0x00000000       0x71 ..\obj\stm32f2xx_hal_pwr.o
 .debug_frame   0x00000000      0x1d4 ..\obj\stm32f2xx_hal_pwr.o
 .ARM.attributes
                0x00000000       0x33 ..\obj\stm32f2xx_hal_pwr.o
 .text          0x00000000        0x0 ..\obj\stm32f2xx_hal_can.o
 .data          0x00000000        0x0 ..\obj\stm32f2xx_hal_can.o
 .bss           0x00000000        0x0 ..\obj\stm32f2xx_hal_can.o
 .debug_info    0x00000000       0x8e ..\obj\stm32f2xx_hal_can.o
 .debug_abbrev  0x00000000       0x49 ..\obj\stm32f2xx_hal_can.o
 .debug_aranges
                0x00000000       0x18 ..\obj\stm32f2xx_hal_can.o
 .debug_line    0x00000000      0x11f ..\obj\stm32f2xx_hal_can.o
 .debug_str     0x00000000      0x17d ..\obj\stm32f2xx_hal_can.o
 .comment       0x00000000       0x71 ..\obj\stm32f2xx_hal_can.o
 .ARM.attributes
                0x00000000       0x33 ..\obj\stm32f2xx_hal_can.o
 .text          0x00000000        0x0 ..\obj\stm32f2xx_hal_dac_ex.o
 .data          0x00000000        0x0 ..\obj\stm32f2xx_hal_dac_ex.o
 .bss           0x00000000        0x0 ..\obj\stm32f2xx_hal_dac_ex.o
 .debug_info    0x00000000       0x8e ..\obj\stm32f2xx_hal_dac_ex.o
 .debug_abbrev  0x00000000       0x49 ..\obj\stm32f2xx_hal_dac_ex.o
 .debug_aranges
                0x00000000       0x18 ..\obj\stm32f2xx_hal_dac_ex.o
 .debug_line    0x00000000      0x11f ..\obj\stm32f2xx_hal_dac_ex.o
 .debug_str     0x00000000      0x180 ..\obj\stm32f2xx_hal_dac_ex.o
 .comment       0x00000000       0x71 ..\obj\stm32f2xx_hal_dac_ex.o
 .ARM.attributes
                0x00000000       0x33 ..\obj\stm32f2xx_hal_dac_ex.o
 .text          0x00000000        0x0 ..\obj\stm32f2xx_hal_dac.o
 .data          0x00000000        0x0 ..\obj\stm32f2xx_hal_dac.o
 .bss           0x00000000        0x0 ..\obj\stm32f2xx_hal_dac.o
 .debug_info    0x00000000       0x8e ..\obj\stm32f2xx_hal_dac.o
 .debug_abbrev  0x00000000       0x49 ..\obj\stm32f2xx_hal_dac.o
 .debug_aranges
                0x00000000       0x18 ..\obj\stm32f2xx_hal_dac.o
 .debug_line    0x00000000      0x11f ..\obj\stm32f2xx_hal_dac.o
 .debug_str     0x00000000      0x17d ..\obj\stm32f2xx_hal_dac.o
 .comment       0x00000000       0x71 ..\obj\stm32f2xx_hal_dac.o
 .ARM.attributes
                0x00000000       0x33 ..\obj\stm32f2xx_hal_dac.o
 .text          0x00000000        0x0 ..\obj\stm32f2xx_hal_pwr_ex.o
 .data          0x00000000        0x0 ..\obj\stm32f2xx_hal_pwr_ex.o
 .bss           0x00000000        0x0 ..\obj\stm32f2xx_hal_pwr_ex.o
 .text.HAL_PWREx_EnableBkUpReg
                0x00000000       0x4c ..\obj\stm32f2xx_hal_pwr_ex.o
 .text.HAL_PWREx_DisableBkUpReg
                0x00000000       0x4c ..\obj\stm32f2xx_hal_pwr_ex.o
 .text.HAL_PWREx_EnableFlashPowerDown
                0x00000000       0x18 ..\obj\stm32f2xx_hal_pwr_ex.o
 .text.HAL_PWREx_DisableFlashPowerDown
                0x00000000       0x18 ..\obj\stm32f2xx_hal_pwr_ex.o
 .debug_info    0x00000000      0x1a8 ..\obj\stm32f2xx_hal_pwr_ex.o
 .debug_abbrev  0x00000000       0xd8 ..\obj\stm32f2xx_hal_pwr_ex.o
 .debug_aranges
                0x00000000       0x38 ..\obj\stm32f2xx_hal_pwr_ex.o
 .debug_ranges  0x00000000       0x28 ..\obj\stm32f2xx_hal_pwr_ex.o
 .debug_line    0x00000000      0x283 ..\obj\stm32f2xx_hal_pwr_ex.o
 .debug_str     0x00000000      0x265 ..\obj\stm32f2xx_hal_pwr_ex.o
 .comment       0x00000000       0x71 ..\obj\stm32f2xx_hal_pwr_ex.o
 .debug_frame   0x00000000       0x98 ..\obj\stm32f2xx_hal_pwr_ex.o
 .ARM.attributes
                0x00000000       0x33 ..\obj\stm32f2xx_hal_pwr_ex.o
 .text          0x00000000        0x0 ..\obj\stm32f2xx_hal_tim_ex.o
 .data          0x00000000        0x0 ..\obj\stm32f2xx_hal_tim_ex.o
 .bss           0x00000000        0x0 ..\obj\stm32f2xx_hal_tim_ex.o
 .debug_info    0x00000000       0x8e ..\obj\stm32f2xx_hal_tim_ex.o
 .debug_abbrev  0x00000000       0x49 ..\obj\stm32f2xx_hal_tim_ex.o
 .debug_aranges
                0x00000000       0x18 ..\obj\stm32f2xx_hal_tim_ex.o
 .debug_line    0x00000000      0x11f ..\obj\stm32f2xx_hal_tim_ex.o
 .debug_str     0x00000000      0x180 ..\obj\stm32f2xx_hal_tim_ex.o
 .comment       0x00000000       0x71 ..\obj\stm32f2xx_hal_tim_ex.o
 .ARM.attributes
                0x00000000       0x33 ..\obj\stm32f2xx_hal_tim_ex.o
 .text          0x00000000        0x0 ..\obj\stm32f2xx_hal_nand.o
 .data          0x00000000        0x0 ..\obj\stm32f2xx_hal_nand.o
 .bss           0x00000000        0x0 ..\obj\stm32f2xx_hal_nand.o
 .debug_info    0x00000000       0x8e ..\obj\stm32f2xx_hal_nand.o
 .debug_abbrev  0x00000000       0x49 ..\obj\stm32f2xx_hal_nand.o
 .debug_aranges
                0x00000000       0x18 ..\obj\stm32f2xx_hal_nand.o
 .debug_line    0x00000000      0x11f ..\obj\stm32f2xx_hal_nand.o
 .debug_str     0x00000000      0x17e ..\obj\stm32f2xx_hal_nand.o
 .comment       0x00000000       0x71 ..\obj\stm32f2xx_hal_nand.o
 .ARM.attributes
                0x00000000       0x33 ..\obj\stm32f2xx_hal_nand.o
 .text          0x00000000        0x0 ..\obj\stm32f2xx_hal_crc.o
 .data          0x00000000        0x0 ..\obj\stm32f2xx_hal_crc.o
 .bss           0x00000000        0x0 ..\obj\stm32f2xx_hal_crc.o
 .debug_info    0x00000000       0x8e ..\obj\stm32f2xx_hal_crc.o
 .debug_abbrev  0x00000000       0x49 ..\obj\stm32f2xx_hal_crc.o
 .debug_aranges
                0x00000000       0x18 ..\obj\stm32f2xx_hal_crc.o
 .debug_line    0x00000000      0x11f ..\obj\stm32f2xx_hal_crc.o
 .debug_str     0x00000000      0x17d ..\obj\stm32f2xx_hal_crc.o
 .comment       0x00000000       0x71 ..\obj\stm32f2xx_hal_crc.o
 .ARM.attributes
                0x00000000       0x33 ..\obj\stm32f2xx_hal_crc.o
 .text          0x00000000        0x0 ..\obj\stm32f2xx_hal_sram.o
 .data          0x00000000        0x0 ..\obj\stm32f2xx_hal_sram.o
 .bss           0x00000000        0x0 ..\obj\stm32f2xx_hal_sram.o
 .debug_info    0x00000000       0x8e ..\obj\stm32f2xx_hal_sram.o
 .debug_abbrev  0x00000000       0x49 ..\obj\stm32f2xx_hal_sram.o
 .debug_aranges
                0x00000000       0x18 ..\obj\stm32f2xx_hal_sram.o
 .debug_line    0x00000000      0x11f ..\obj\stm32f2xx_hal_sram.o
 .debug_str     0x00000000      0x17e ..\obj\stm32f2xx_hal_sram.o
 .comment       0x00000000       0x71 ..\obj\stm32f2xx_hal_sram.o
 .ARM.attributes
                0x00000000       0x33 ..\obj\stm32f2xx_hal_sram.o
 .text          0x00000000        0x0 ..\obj\stm32f2xx_hal_flash_ex.o
 .data          0x00000000        0x0 ..\obj\stm32f2xx_hal_flash_ex.o
 .bss           0x00000000        0x0 ..\obj\stm32f2xx_hal_flash_ex.o
 .text.HAL_FLASHEx_Erase
                0x00000000       0xe4 ..\obj\stm32f2xx_hal_flash_ex.o
 .text.HAL_FLASHEx_Erase_IT
                0x00000000       0x9c ..\obj\stm32f2xx_hal_flash_ex.o
 .text.HAL_FLASHEx_OBProgram
                0x00000000       0xd4 ..\obj\stm32f2xx_hal_flash_ex.o
 .text.HAL_FLASHEx_OBGetConfig
                0x00000000       0x44 ..\obj\stm32f2xx_hal_flash_ex.o
 .text.FLASH_MassErase
                0x00000000       0x4c ..\obj\stm32f2xx_hal_flash_ex.o
 .text.FLASH_Erase_Sector
                0x00000000       0xb8 ..\obj\stm32f2xx_hal_flash_ex.o
 .text.FLASH_OB_EnableWRP
                0x00000000       0x44 ..\obj\stm32f2xx_hal_flash_ex.o
 .text.FLASH_OB_DisableWRP
                0x00000000       0x40 ..\obj\stm32f2xx_hal_flash_ex.o
 .text.FLASH_OB_RDP_LevelConfig
                0x00000000       0x34 ..\obj\stm32f2xx_hal_flash_ex.o
 .text.FLASH_OB_UserConfig
                0x00000000       0x60 ..\obj\stm32f2xx_hal_flash_ex.o
 .text.FLASH_OB_BOR_LevelConfig
                0x00000000       0x3c ..\obj\stm32f2xx_hal_flash_ex.o
 .text.FLASH_OB_GetUser
                0x00000000       0x20 ..\obj\stm32f2xx_hal_flash_ex.o
 .text.FLASH_OB_GetWRP
                0x00000000       0x18 ..\obj\stm32f2xx_hal_flash_ex.o
 .text.FLASH_OB_GetRDP
                0x00000000       0x2c ..\obj\stm32f2xx_hal_flash_ex.o
 .text.FLASH_OB_GetBOR
                0x00000000       0x20 ..\obj\stm32f2xx_hal_flash_ex.o
 .debug_info    0x00000000      0x6f8 ..\obj\stm32f2xx_hal_flash_ex.o
 .debug_abbrev  0x00000000      0x24e ..\obj\stm32f2xx_hal_flash_ex.o
 .debug_aranges
                0x00000000       0x90 ..\obj\stm32f2xx_hal_flash_ex.o
 .debug_ranges  0x00000000       0x80 ..\obj\stm32f2xx_hal_flash_ex.o
 .debug_line    0x00000000      0x444 ..\obj\stm32f2xx_hal_flash_ex.o
 .debug_str     0x00000000      0x5c5 ..\obj\stm32f2xx_hal_flash_ex.o
 .comment       0x00000000       0x71 ..\obj\stm32f2xx_hal_flash_ex.o
 .debug_frame   0x00000000      0x230 ..\obj\stm32f2xx_hal_flash_ex.o
 .ARM.attributes
                0x00000000       0x33 ..\obj\stm32f2xx_hal_flash_ex.o
 .text          0x00000000        0x0 ..\obj\stm32f2xx_hal_rcc.o
 .data          0x00000000        0x0 ..\obj\stm32f2xx_hal_rcc.o
 .bss           0x00000000        0x0 ..\obj\stm32f2xx_hal_rcc.o
 .text.HAL_RCC_DeInit
                0x00000000       0x78 ..\obj\stm32f2xx_hal_rcc.o
 .text.HAL_RCC_MCOConfig
                0x00000000       0xac ..\obj\stm32f2xx_hal_rcc.o
 .text.HAL_RCC_EnableCSS
                0x00000000       0x18 ..\obj\stm32f2xx_hal_rcc.o
 .text.HAL_RCC_DisableCSS
                0x00000000       0x18 ..\obj\stm32f2xx_hal_rcc.o
 .text.HAL_RCC_GetPCLK1Freq
                0x00000000       0x4c ..\obj\stm32f2xx_hal_rcc.o
 .text.HAL_RCC_GetPCLK2Freq
                0x00000000       0x4c ..\obj\stm32f2xx_hal_rcc.o
 .text.HAL_RCC_GetOscConfig
                0x00000000      0x19c ..\obj\stm32f2xx_hal_rcc.o
 .text.HAL_RCC_GetClockConfig
                0x00000000       0x60 ..\obj\stm32f2xx_hal_rcc.o
 .text.HAL_RCC_NMI_IRQHandler
                0x00000000       0x24 ..\obj\stm32f2xx_hal_rcc.o
 .text.HAL_RCC_CCSCallback
                0x00000000        0xc ..\obj\stm32f2xx_hal_rcc.o
 .text          0x00000000        0x0 ..\obj\stm32f2xx_ll_sdmmc.o
 .data          0x00000000        0x0 ..\obj\stm32f2xx_ll_sdmmc.o
 .bss           0x00000000        0x0 ..\obj\stm32f2xx_ll_sdmmc.o
 .debug_info    0x00000000       0x8e ..\obj\stm32f2xx_ll_sdmmc.o
 .debug_abbrev  0x00000000       0x49 ..\obj\stm32f2xx_ll_sdmmc.o
 .debug_aranges
                0x00000000       0x18 ..\obj\stm32f2xx_ll_sdmmc.o
 .debug_line    0x00000000      0x11f ..\obj\stm32f2xx_ll_sdmmc.o
 .debug_str     0x00000000      0x17e ..\obj\stm32f2xx_ll_sdmmc.o
 .comment       0x00000000       0x71 ..\obj\stm32f2xx_ll_sdmmc.o
 .ARM.attributes
                0x00000000       0x33 ..\obj\stm32f2xx_ll_sdmmc.o
 .text          0x00000000        0x0 ..\obj\stm32f2xx_hal_msp_template.o
 .data          0x00000000        0x0 ..\obj\stm32f2xx_hal_msp_template.o
 .bss           0x00000000        0x0 ..\obj\stm32f2xx_hal_msp_template.o
 .text.HAL_MspDeInit
                0x00000000        0xc ..\obj\stm32f2xx_hal_msp_template.o
 .text.HAL_PPP_MspInit
                0x00000000        0xc ..\obj\stm32f2xx_hal_msp_template.o
 .text.HAL_PPP_MspDeInit
                0x00000000        0xc ..\obj\stm32f2xx_hal_msp_template.o
 .text          0x00000000        0x0 ..\obj\stm32f2xx_hal_hash.o
 .data          0x00000000        0x0 ..\obj\stm32f2xx_hal_hash.o
 .bss           0x00000000        0x0 ..\obj\stm32f2xx_hal_hash.o
 .debug_info    0x00000000       0x8e ..\obj\stm32f2xx_hal_hash.o
 .debug_abbrev  0x00000000       0x49 ..\obj\stm32f2xx_hal_hash.o
 .debug_aranges
                0x00000000       0x18 ..\obj\stm32f2xx_hal_hash.o
 .debug_line    0x00000000      0x11f ..\obj\stm32f2xx_hal_hash.o
 .debug_str     0x00000000      0x17e ..\obj\stm32f2xx_hal_hash.o
 .comment       0x00000000       0x71 ..\obj\stm32f2xx_hal_hash.o
 .ARM.attributes
                0x00000000       0x33 ..\obj\stm32f2xx_hal_hash.o
 .text          0x00000000        0x0 ..\obj\stm32f2xx_hal_adc.o
 .data          0x00000000        0x0 ..\obj\stm32f2xx_hal_adc.o
 .bss           0x00000000        0x0 ..\obj\stm32f2xx_hal_adc.o
 .debug_info    0x00000000       0x8e ..\obj\stm32f2xx_hal_adc.o
 .debug_abbrev  0x00000000       0x49 ..\obj\stm32f2xx_hal_adc.o
 .debug_aranges
                0x00000000       0x18 ..\obj\stm32f2xx_hal_adc.o
 .debug_line    0x00000000      0x11f ..\obj\stm32f2xx_hal_adc.o
 .debug_str     0x00000000      0x17d ..\obj\stm32f2xx_hal_adc.o
 .comment       0x00000000       0x71 ..\obj\stm32f2xx_hal_adc.o
 .ARM.attributes
                0x00000000       0x33 ..\obj\stm32f2xx_hal_adc.o
 .text          0x00000000        0x0 ..\obj\stm32f2xx_hal_i2s.o
 .data          0x00000000        0x0 ..\obj\stm32f2xx_hal_i2s.o
 .bss           0x00000000        0x0 ..\obj\stm32f2xx_hal_i2s.o
 .debug_info    0x00000000       0x8e ..\obj\stm32f2xx_hal_i2s.o
 .debug_abbrev  0x00000000       0x49 ..\obj\stm32f2xx_hal_i2s.o
 .debug_aranges
                0x00000000       0x18 ..\obj\stm32f2xx_hal_i2s.o
 .debug_line    0x00000000      0x11f ..\obj\stm32f2xx_hal_i2s.o
 .debug_str     0x00000000      0x17d ..\obj\stm32f2xx_hal_i2s.o
 .comment       0x00000000       0x71 ..\obj\stm32f2xx_hal_i2s.o
 .ARM.attributes
                0x00000000       0x33 ..\obj\stm32f2xx_hal_i2s.o
 .text          0x00000000        0x0 ..\obj\stm32f2xx_hal_pcd.o
 .data          0x00000000        0x0 ..\obj\stm32f2xx_hal_pcd.o
 .bss           0x00000000        0x0 ..\obj\stm32f2xx_hal_pcd.o
 .debug_info    0x00000000       0x8e ..\obj\stm32f2xx_hal_pcd.o
 .debug_abbrev  0x00000000       0x49 ..\obj\stm32f2xx_hal_pcd.o
 .debug_aranges
                0x00000000       0x18 ..\obj\stm32f2xx_hal_pcd.o
 .debug_line    0x00000000      0x11f ..\obj\stm32f2xx_hal_pcd.o
 .debug_str     0x00000000      0x17d ..\obj\stm32f2xx_hal_pcd.o
 .comment       0x00000000       0x71 ..\obj\stm32f2xx_hal_pcd.o
 .ARM.attributes
                0x00000000       0x33 ..\obj\stm32f2xx_hal_pcd.o
 .text          0x00000000        0x0 ..\obj\stm32f2xx_ll_usb.o
 .data          0x00000000        0x0 ..\obj\stm32f2xx_ll_usb.o
 .bss           0x00000000        0x0 ..\obj\stm32f2xx_ll_usb.o
 .debug_info    0x00000000       0x8e ..\obj\stm32f2xx_ll_usb.o
 .debug_abbrev  0x00000000       0x49 ..\obj\stm32f2xx_ll_usb.o
 .debug_aranges
                0x00000000       0x18 ..\obj\stm32f2xx_ll_usb.o
 .debug_line    0x00000000      0x11f ..\obj\stm32f2xx_ll_usb.o
 .debug_str     0x00000000      0x17c ..\obj\stm32f2xx_ll_usb.o
 .comment       0x00000000       0x71 ..\obj\stm32f2xx_ll_usb.o
 .ARM.attributes
                0x00000000       0x33 ..\obj\stm32f2xx_ll_usb.o
 .text          0x00000000        0x0 ..\obj\system_stm32f2xx.o
 .bss           0x00000000        0x0 ..\obj\system_stm32f2xx.o
 .text          0x00000000        0x0 ..\obj\stm32f2xx_hal_wwdg.o
 .data          0x00000000        0x0 ..\obj\stm32f2xx_hal_wwdg.o
 .bss           0x00000000        0x0 ..\obj\stm32f2xx_hal_wwdg.o
 .debug_info    0x00000000       0x8e ..\obj\stm32f2xx_hal_wwdg.o
 .debug_abbrev  0x00000000       0x49 ..\obj\stm32f2xx_hal_wwdg.o
 .debug_aranges
                0x00000000       0x18 ..\obj\stm32f2xx_hal_wwdg.o
 .debug_line    0x00000000      0x11f ..\obj\stm32f2xx_hal_wwdg.o
 .debug_str     0x00000000      0x17e ..\obj\stm32f2xx_hal_wwdg.o
 .comment       0x00000000       0x71 ..\obj\stm32f2xx_hal_wwdg.o
 .ARM.attributes
                0x00000000       0x33 ..\obj\stm32f2xx_hal_wwdg.o
 .text          0x00000000        0x0 ..\obj\stm32f2xx_hal_nor.o
 .data          0x00000000        0x0 ..\obj\stm32f2xx_hal_nor.o
 .bss           0x00000000        0x0 ..\obj\stm32f2xx_hal_nor.o
 .debug_info    0x00000000       0x8e ..\obj\stm32f2xx_hal_nor.o
 .debug_abbrev  0x00000000       0x49 ..\obj\stm32f2xx_hal_nor.o
 .debug_aranges
                0x00000000       0x18 ..\obj\stm32f2xx_hal_nor.o
 .debug_line    0x00000000      0x11f ..\obj\stm32f2xx_hal_nor.o
 .debug_str     0x00000000      0x17d ..\obj\stm32f2xx_hal_nor.o
 .comment       0x00000000       0x71 ..\obj\stm32f2xx_hal_nor.o
 .ARM.attributes
                0x00000000       0x33 ..\obj\stm32f2xx_hal_nor.o
 .text          0x00000000        0x0 ..\obj\stm32f2xx_ll_fsmc.o
 .data          0x00000000        0x0 ..\obj\stm32f2xx_ll_fsmc.o
 .bss           0x00000000        0x0 ..\obj\stm32f2xx_ll_fsmc.o
 .debug_info    0x00000000       0x8e ..\obj\stm32f2xx_ll_fsmc.o
 .debug_abbrev  0x00000000       0x49 ..\obj\stm32f2xx_ll_fsmc.o
 .debug_aranges
                0x00000000       0x18 ..\obj\stm32f2xx_ll_fsmc.o
 .debug_line    0x00000000      0x11f ..\obj\stm32f2xx_ll_fsmc.o
 .debug_str     0x00000000      0x17d ..\obj\stm32f2xx_ll_fsmc.o
 .comment       0x00000000       0x71 ..\obj\stm32f2xx_ll_fsmc.o
 .ARM.attributes
                0x00000000       0x33 ..\obj\stm32f2xx_ll_fsmc.o
 .text          0x00000000        0x0 ..\obj\stm32f2xx_hal_adc_ex.o
 .data          0x00000000        0x0 ..\obj\stm32f2xx_hal_adc_ex.o
 .bss           0x00000000        0x0 ..\obj\stm32f2xx_hal_adc_ex.o
 .debug_info    0x00000000       0x8e ..\obj\stm32f2xx_hal_adc_ex.o
 .debug_abbrev  0x00000000       0x49 ..\obj\stm32f2xx_hal_adc_ex.o
 .debug_aranges
                0x00000000       0x18 ..\obj\stm32f2xx_hal_adc_ex.o
 .debug_line    0x00000000      0x11f ..\obj\stm32f2xx_hal_adc_ex.o
 .debug_str     0x00000000      0x180 ..\obj\stm32f2xx_hal_adc_ex.o
 .comment       0x00000000       0x71 ..\obj\stm32f2xx_hal_adc_ex.o
 .ARM.attributes
                0x00000000       0x33 ..\obj\stm32f2xx_hal_adc_ex.o
 .text          0x00000000        0x0 ..\obj\stm32f2xx_hal_dma_ex.o
 .data          0x00000000        0x0 ..\obj\stm32f2xx_hal_dma_ex.o
 .bss           0x00000000        0x0 ..\obj\stm32f2xx_hal_dma_ex.o
 .text.HAL_DMAEx_MultiBufferStart
                0x00000000       0xa0 ..\obj\stm32f2xx_hal_dma_ex.o
 .text.HAL_DMAEx_MultiBufferStart_IT
                0x00000000       0xf0 ..\obj\stm32f2xx_hal_dma_ex.o
 .text.HAL_DMAEx_ChangeMemory
                0x00000000       0x34 ..\obj\stm32f2xx_hal_dma_ex.o
 .text.DMA_MultiBufferSetConfig
                0x00000000       0x4c ..\obj\stm32f2xx_hal_dma_ex.o
 .debug_info    0x00000000      0x48c ..\obj\stm32f2xx_hal_dma_ex.o
 .debug_abbrev  0x00000000      0x154 ..\obj\stm32f2xx_hal_dma_ex.o
 .debug_aranges
                0x00000000       0x38 ..\obj\stm32f2xx_hal_dma_ex.o
 .debug_ranges  0x00000000       0x28 ..\obj\stm32f2xx_hal_dma_ex.o
 .debug_line    0x00000000      0x2d8 ..\obj\stm32f2xx_hal_dma_ex.o
 .debug_str     0x00000000      0x530 ..\obj\stm32f2xx_hal_dma_ex.o
 .comment       0x00000000       0x71 ..\obj\stm32f2xx_hal_dma_ex.o
 .debug_frame   0x00000000       0xa8 ..\obj\stm32f2xx_hal_dma_ex.o
 .ARM.attributes
                0x00000000       0x33 ..\obj\stm32f2xx_hal_dma_ex.o
 .text          0x00000000        0x0 ..\obj\stm32f2xx_hal_hcd.o
 .data          0x00000000        0x0 ..\obj\stm32f2xx_hal_hcd.o
 .bss           0x00000000        0x0 ..\obj\stm32f2xx_hal_hcd.o
 .debug_info    0x00000000       0x8e ..\obj\stm32f2xx_hal_hcd.o
 .debug_abbrev  0x00000000       0x49 ..\obj\stm32f2xx_hal_hcd.o
 .debug_aranges
                0x00000000       0x18 ..\obj\stm32f2xx_hal_hcd.o
 .debug_line    0x00000000      0x11f ..\obj\stm32f2xx_hal_hcd.o
 .debug_str     0x00000000      0x17d ..\obj\stm32f2xx_hal_hcd.o
 .comment       0x00000000       0x71 ..\obj\stm32f2xx_hal_hcd.o
 .ARM.attributes
                0x00000000       0x33 ..\obj\stm32f2xx_hal_hcd.o
 .text          0x00000000        0x0 ..\obj\stm32f2xx_hal_iwdg.o
 .data          0x00000000        0x0 ..\obj\stm32f2xx_hal_iwdg.o
 .bss           0x00000000        0x0 ..\obj\stm32f2xx_hal_iwdg.o
 .debug_info    0x00000000       0x8e ..\obj\stm32f2xx_hal_iwdg.o
 .debug_abbrev  0x00000000       0x49 ..\obj\stm32f2xx_hal_iwdg.o
 .debug_aranges
                0x00000000       0x18 ..\obj\stm32f2xx_hal_iwdg.o
 .debug_line    0x00000000      0x11f ..\obj\stm32f2xx_hal_iwdg.o
 .debug_str     0x00000000      0x17e ..\obj\stm32f2xx_hal_iwdg.o
 .comment       0x00000000       0x71 ..\obj\stm32f2xx_hal_iwdg.o
 .ARM.attributes
                0x00000000       0x33 ..\obj\stm32f2xx_hal_iwdg.o
 .text          0x00000000        0x0 ..\obj\stm32f2xx_hal.o
 .data          0x00000000        0x0 ..\obj\stm32f2xx_hal.o
 .text.HAL_DeInit
                0x00000000       0x58 ..\obj\stm32f2xx_hal.o
 .text.HAL_MspInit
                0x00000000        0xc ..\obj\stm32f2xx_hal.o
 .text.HAL_MspDeInit
                0x00000000        0xc ..\obj\stm32f2xx_hal.o
 .text.HAL_GetHalVersion
                0x00000000       0x14 ..\obj\stm32f2xx_hal.o
 .text.HAL_GetREVID
                0x00000000       0x18 ..\obj\stm32f2xx_hal.o
 .text.HAL_GetDEVID
                0x00000000       0x1c ..\obj\stm32f2xx_hal.o
 .text.HAL_EnableDBGSleepMode
                0x00000000       0x1c ..\obj\stm32f2xx_hal.o
 .text.HAL_DisableDBGSleepMode
                0x00000000       0x1c ..\obj\stm32f2xx_hal.o
 .text.HAL_EnableDBGStopMode
                0x00000000       0x1c ..\obj\stm32f2xx_hal.o
 .text.HAL_DisableDBGStopMode
                0x00000000       0x1c ..\obj\stm32f2xx_hal.o
 .text.HAL_EnableDBGStandbyMode
                0x00000000       0x1c ..\obj\stm32f2xx_hal.o
 .text.HAL_DisableDBGStandbyMode
                0x00000000       0x1c ..\obj\stm32f2xx_hal.o
 .text.HAL_EnableCompensationCell
                0x00000000       0x18 ..\obj\stm32f2xx_hal.o
 .text.HAL_DisableCompensationCell
                0x00000000       0x18 ..\obj\stm32f2xx_hal.o
 .text          0x00000000        0x0 ..\obj\stm32f2xx_hal_dma.o
 .data          0x00000000        0x0 ..\obj\stm32f2xx_hal_dma.o
 .bss           0x00000000        0x0 ..\obj\stm32f2xx_hal_dma.o
 .text.HAL_DMA_Init
                0x00000000       0xd8 ..\obj\stm32f2xx_hal_dma.o
 .text.HAL_DMA_DeInit
                0x00000000     0x14a0 ..\obj\stm32f2xx_hal_dma.o
 .text.HAL_DMA_Start
                0x00000000       0x64 ..\obj\stm32f2xx_hal_dma.o
 .text.HAL_DMA_Start_IT
                0x00000000       0xb4 ..\obj\stm32f2xx_hal_dma.o
 .text.HAL_DMA_Abort
                0x00000000       0x80 ..\obj\stm32f2xx_hal_dma.o
 .text.HAL_DMA_PollForTransfer
                0x00000000     0x300c ..\obj\stm32f2xx_hal_dma.o
 .text.HAL_DMA_IRQHandler
                0x00000000     0x33d8 ..\obj\stm32f2xx_hal_dma.o
 .text.HAL_DMA_GetState
                0x00000000       0x1c ..\obj\stm32f2xx_hal_dma.o
 .text.HAL_DMA_GetError
                0x00000000       0x18 ..\obj\stm32f2xx_hal_dma.o
 .text.DMA_SetConfig
                0x00000000       0x4c ..\obj\stm32f2xx_hal_dma.o
 .debug_info    0x00000000      0x630 ..\obj\stm32f2xx_hal_dma.o
 .debug_abbrev  0x00000000      0x1c0 ..\obj\stm32f2xx_hal_dma.o
 .debug_aranges
                0x00000000       0x68 ..\obj\stm32f2xx_hal_dma.o
 .debug_ranges  0x00000000       0x58 ..\obj\stm32f2xx_hal_dma.o
 .debug_line    0x00000000     0x42d2 ..\obj\stm32f2xx_hal_dma.o
 .debug_str     0x00000000      0x5a3 ..\obj\stm32f2xx_hal_dma.o
 .comment       0x00000000       0x71 ..\obj\stm32f2xx_hal_dma.o
 .debug_frame   0x00000000      0x194 ..\obj\stm32f2xx_hal_dma.o
 .ARM.attributes
                0x00000000       0x33 ..\obj\stm32f2xx_hal_dma.o
 .text          0x00000000        0x0 ..\obj\stm32f2xx_hal_sd.o
 .data          0x00000000        0x0 ..\obj\stm32f2xx_hal_sd.o
 .bss           0x00000000        0x0 ..\obj\stm32f2xx_hal_sd.o
 .debug_info    0x00000000       0x8e ..\obj\stm32f2xx_hal_sd.o
 .debug_abbrev  0x00000000       0x49 ..\obj\stm32f2xx_hal_sd.o
 .debug_aranges
                0x00000000       0x18 ..\obj\stm32f2xx_hal_sd.o
 .debug_line    0x00000000      0x11f ..\obj\stm32f2xx_hal_sd.o
 .debug_str     0x00000000      0x17c ..\obj\stm32f2xx_hal_sd.o
 .comment       0x00000000       0x71 ..\obj\stm32f2xx_hal_sd.o
 .ARM.attributes
                0x00000000       0x33 ..\obj\stm32f2xx_hal_sd.o
 .text          0x00000000        0x0 ..\obj\stm32f2xx_hal_uart.o
 .data          0x00000000        0x0 ..\obj\stm32f2xx_hal_uart.o
 .bss           0x00000000        0x0 ..\obj\stm32f2xx_hal_uart.o
 .debug_info    0x00000000       0x8e ..\obj\stm32f2xx_hal_uart.o
 .debug_abbrev  0x00000000       0x49 ..\obj\stm32f2xx_hal_uart.o
 .debug_aranges
                0x00000000       0x18 ..\obj\stm32f2xx_hal_uart.o
 .debug_line    0x00000000      0x11f ..\obj\stm32f2xx_hal_uart.o
 .debug_str     0x00000000      0x17e ..\obj\stm32f2xx_hal_uart.o
 .comment       0x00000000       0x71 ..\obj\stm32f2xx_hal_uart.o
 .ARM.attributes
                0x00000000       0x33 ..\obj\stm32f2xx_hal_uart.o
 .text          0x00000000        0x0 ..\obj\stm32f2xx_hal_dcmi.o
 .data          0x00000000        0x0 ..\obj\stm32f2xx_hal_dcmi.o
 .bss           0x00000000        0x0 ..\obj\stm32f2xx_hal_dcmi.o
 .debug_info    0x00000000       0x8e ..\obj\stm32f2xx_hal_dcmi.o
 .debug_abbrev  0x00000000       0x49 ..\obj\stm32f2xx_hal_dcmi.o
 .debug_aranges
                0x00000000       0x18 ..\obj\stm32f2xx_hal_dcmi.o
 .debug_line    0x00000000      0x11f ..\obj\stm32f2xx_hal_dcmi.o
 .debug_str     0x00000000      0x17e ..\obj\stm32f2xx_hal_dcmi.o
 .comment       0x00000000       0x71 ..\obj\stm32f2xx_hal_dcmi.o
 .ARM.attributes
                0x00000000       0x33 ..\obj\stm32f2xx_hal_dcmi.o

Memory Configuration

Name             Origin             Length             Attributes
rom              0x08000000         0x00100000         xr
ram              0x20000000         0x00020000         xrw
*default*        0x00000000         0xffffffff

Linker script and memory map

                0x20020000                _eram = 0x20020000

.text           0x08000000     0x1564
 *(.isr_vector)
 .isr_vector    0x08000000      0x184 ..\obj\startup_stm32f207xx.o
                0x08000000                g_pfnVectors
 *(.text*)
 .text.Reset_Handler
                0x08000184       0x4c ..\obj\startup_stm32f207xx.o
                0x08000184                Reset_Handler
 .text.Default_Handler
                0x080001d0        0x2 ..\obj\startup_stm32f207xx.o
                0x080001d0                RTC_Alarm_IRQHandler
                0x080001d0                HASH_RNG_IRQHandler
                0x080001d0                EXTI2_IRQHandler
                0x080001d0                TIM8_CC_IRQHandler
                0x080001d0                DebugMon_Handler
                0x080001d0                TIM1_CC_IRQHandler
                0x080001d0                DMA2_Stream5_IRQHandler
                0x080001d0                HardFault_Handler
                0x080001d0                DMA1_Stream5_IRQHandler
                0x080001d0                PVD_IRQHandler
                0x080001d0                SDIO_IRQHandler
                0x080001d0                TAMP_STAMP_IRQHandler
                0x080001d0                PendSV_Handler
                0x080001d0                NMI_Handler
                0x080001d0                CAN2_RX1_IRQHandler
                0x080001d0                EXTI3_IRQHandler
                0x080001d0                TIM8_TRG_COM_TIM14_IRQHandler
                0x080001d0                TIM1_UP_TIM10_IRQHandler
                0x080001d0                TIM8_UP_TIM13_IRQHandler
                0x080001d0                I2C3_ER_IRQHandler
                0x080001d0                EXTI0_IRQHandler
                0x080001d0                I2C2_EV_IRQHandler
                0x080001d0                DMA1_Stream2_IRQHandler
                0x080001d0                CAN1_RX0_IRQHandler
                0x080001d0                OTG_HS_WKUP_IRQHandler
                0x080001d0                UsageFault_Handler
                0x080001d0                CAN2_SCE_IRQHandler
                0x080001d0                DMA2_Stream2_IRQHandler
                0x080001d0                SPI1_IRQHandler
                0x080001d0                TIM6_DAC_IRQHandler
                0x080001d0                TIM1_BRK_TIM9_IRQHandler
                0x080001d0                DCMI_IRQHandler
                0x080001d0                CAN2_RX0_IRQHandler
                0x080001d0                DMA2_Stream3_IRQHandler
                0x080001d0                USART6_IRQHandler
                0x080001d0                USART3_IRQHandler
                0x080001d0                CAN1_RX1_IRQHandler
                0x080001d0                UART5_IRQHandler
                0x080001d0                DMA2_Stream0_IRQHandler
                0x080001d0                TIM4_IRQHandler
                0x080001d0                I2C1_EV_IRQHandler
                0x080001d0                DMA1_Stream6_IRQHandler
                0x080001d0                DMA1_Stream1_IRQHandler
                0x080001d0                UART4_IRQHandler
                0x080001d0                TIM3_IRQHandler
                0x080001d0                RCC_IRQHandler
                0x080001d0                TIM8_BRK_TIM12_IRQHandler
                0x080001d0                Default_Handler
                0x080001d0                EXTI15_10_IRQHandler
                0x080001d0                ADC_IRQHandler
                0x080001d0                DMA1_Stream7_IRQHandler
                0x080001d0                TIM7_IRQHandler
                0x080001d0                CAN2_TX_IRQHandler
                0x080001d0                TIM5_IRQHandler
                0x080001d0                DMA2_Stream7_IRQHandler
                0x080001d0                I2C3_EV_IRQHandler
                0x080001d0                EXTI9_5_IRQHandler
                0x080001d0                RTC_WKUP_IRQHandler
                0x080001d0                ETH_WKUP_IRQHandler
                0x080001d0                SPI2_IRQHandler
                0x080001d0                OTG_HS_EP1_IN_IRQHandler
                0x080001d0                MemManage_Handler
                0x080001d0                DMA1_Stream0_IRQHandler
                0x080001d0                CAN1_TX_IRQHandler
                0x080001d0                SVC_Handler
                0x080001d0                EXTI4_IRQHandler
                0x080001d0                FSMC_IRQHandler
                0x080001d0                ETH_IRQHandler
                0x080001d0                OTG_HS_EP1_OUT_IRQHandler
                0x080001d0                WWDG_IRQHandler
                0x080001d0                TIM2_IRQHandler
                0x080001d0                OTG_FS_WKUP_IRQHandler
                0x080001d0                TIM1_TRG_COM_TIM11_IRQHandler
                0x080001d0                OTG_HS_IRQHandler
                0x080001d0                EXTI1_IRQHandler
                0x080001d0                USART2_IRQHandler
                0x080001d0                I2C2_ER_IRQHandler
                0x080001d0                DMA2_Stream1_IRQHandler
                0x080001d0                CAN1_SCE_IRQHandler
                0x080001d0                FLASH_IRQHandler
                0x080001d0                DMA2_Stream4_IRQHandler
                0x080001d0                BusFault_Handler
                0x080001d0                USART1_IRQHandler
                0x080001d0                OTG_FS_IRQHandler
                0x080001d0                SPI3_IRQHandler
                0x080001d0                DMA1_Stream4_IRQHandler
                0x080001d0                I2C1_ER_IRQHandler
                0x080001d0                DMA2_Stream6_IRQHandler
                0x080001d0                DMA1_Stream3_IRQHandler
 *fill*         0x080001d2        0x2 
 .text.HAL_GPIO_Init
                0x080001d4      0x338 ..\obj\stm32f2xx_hal_gpio.o
                0x080001d4                HAL_GPIO_Init
 .text.HAL_GPIO_WritePin
                0x0800050c       0x30 ..\obj\stm32f2xx_hal_gpio.o
                0x0800050c                HAL_GPIO_WritePin
 .text.HAL_GPIO_TogglePin
                0x0800053c       0x24 ..\obj\stm32f2xx_hal_gpio.o
                0x0800053c                HAL_GPIO_TogglePin
 .text.HAL_RCCEx_PeriphCLKConfig
                0x08000560      0x1d8 ..\obj\stm32f2xx_hal_rcc_ex.o
                0x08000560                HAL_RCCEx_PeriphCLKConfig
 .text.NVIC_SetPriorityGrouping
                0x08000738       0x48 ..\obj\stm32f2xx_hal_cortex.o
 .text.NVIC_SetPriority
                0x08000780       0x54 ..\obj\stm32f2xx_hal_cortex.o
 .text.SysTick_Config
                0x080007d4       0x44 ..\obj\stm32f2xx_hal_cortex.o
 .text.HAL_NVIC_SetPriorityGrouping
                0x08000818       0x14 ..\obj\stm32f2xx_hal_cortex.o
                0x08000818                HAL_NVIC_SetPriorityGrouping
 .text.HAL_SYSTICK_Config
                0x0800082c       0x18 ..\obj\stm32f2xx_hal_cortex.o
                0x0800082c                HAL_SYSTICK_Config
 .text.blink    0x08000844       0x40 ..\obj\main.o
                0x08000844                blink
 .text.main     0x08000884       0x44 ..\obj\main.o
                0x08000884                main
 .text.SystemClock_Config
                0x080008c8       0x74 ..\obj\main.o
                0x080008c8                SystemClock_Config
 .text.MX_GPIO_Init
                0x0800093c       0x9c ..\obj\main.o
                0x0800093c                MX_GPIO_Init
 .text.SysTick_Handler
                0x080009d8        0xc ..\obj\main.o
                0x080009d8                SysTick_Handler
 .text.NVIC_SetPriority
                0x080009e4       0x54 ..\obj\stm32f2xx_hal_rcc.o
 .text.SysTick_Config
                0x08000a38       0x44 ..\obj\stm32f2xx_hal_rcc.o
 .text.HAL_RCC_OscConfig
                0x08000a7c      0x49c ..\obj\stm32f2xx_hal_rcc.o
                0x08000a7c                HAL_RCC_OscConfig
 .text.HAL_RCC_ClockConfig
                0x08000f18      0x2b0 ..\obj\stm32f2xx_hal_rcc.o
                0x08000f18                HAL_RCC_ClockConfig
 .text.HAL_RCC_GetSysClockFreq
                0x080011c8      0x138 ..\obj\stm32f2xx_hal_rcc.o
                0x080011c8                HAL_RCC_GetSysClockFreq
 .text.HAL_RCC_GetHCLKFreq
                0x08001300       0x54 ..\obj\stm32f2xx_hal_rcc.o
                0x08001300                HAL_RCC_GetHCLKFreq
 .text.HAL_MspInit
                0x08001354        0xc ..\obj\stm32f2xx_hal_msp_template.o
                0x08001354                HAL_MspInit
 .text.SystemInit
                0x08001360       0x5c ..\obj\system_stm32f2xx.o
                0x08001360                SystemInit
 .text.SystemCoreClockUpdate
                0x080013bc       0xf8 ..\obj\system_stm32f2xx.o
                0x080013bc                SystemCoreClockUpdate
 .text.HAL_Init
                0x080014b4       0x44 ..\obj\stm32f2xx_hal.o
                0x080014b4                HAL_Init
 .text.HAL_IncTick
                0x080014f8       0x1c ..\obj\stm32f2xx_hal.o
                0x080014f8                HAL_IncTick
 .text.HAL_GetTick
                0x08001514       0x18 ..\obj\stm32f2xx_hal.o
                0x08001514                HAL_GetTick
 .text.HAL_Delay
                0x0800152c       0x28 ..\obj\stm32f2xx_hal.o
                0x0800152c                HAL_Delay
 *(.init)
 *(.fini)
 *crtbegin.o(.ctors)
 *crtbegin?.o(.ctors)
 *(EXCLUDE_FILE(*crtend.o *crtend?.o) .ctors)
 *(SORT(.ctors.*))
 *(.ctors)
 *crtbegin.o(.dtors)
 *crtbegin?.o(.dtors)
 *(EXCLUDE_FILE(*crtend.o *crtend?.o) .dtors)
 *(SORT(.dtors.*))
 *(.dtors)
 *(.rodata*)
 .rodata        0x08001554       0x10 ..\obj\stm32f2xx_hal_rcc.o
                0x08001554                APBAHBPrescTable
 *(.eh_fram e*)

.glue_7         0x08001564        0x0
 .glue_7        0x00000000        0x0 linker stubs

.glue_7t        0x08001564        0x0
 .glue_7t       0x00000000        0x0 linker stubs

.vfp11_veneer   0x08001564        0x0
 .vfp11_veneer  0x00000000        0x0 linker stubs

.v4_bx          0x08001564        0x0
 .v4_bx         0x00000000        0x0 linker stubs

.iplt           0x08001564        0x0
 .iplt          0x00000000        0x0 ..\obj\stm32f2xx_hal_spi.o

.rel.dyn        0x08001564        0x0
 .rel.iplt      0x00000000        0x0 ..\obj\stm32f2xx_hal_spi.o

.ARM.extab
 *(.ARM.extab* .gnu.linkonce.armextab.*)
                0x08001564                __exidx_start = .

.ARM.exidx
 *(.ARM.exidx* .gnu.linkonce.armexidx.*)
                0x08001564                __exidx_end = .
                0x08001564                __etext = .
                0x08001564                _sidata = __etext

.data           0x20000000       0x14 load address 0x08001564
                0x20000000                __data_start__ = .
                0x20000000                _sdata = __data_start__
 *(vtable)
 *(.data*)
 .data          0x20000000       0x14 ..\obj\system_stm32f2xx.o
                0x20000000                SystemCoreClock
                0x20000004                AHBPrescTable
                0x20000014                . = ALIGN (0x4)
                0x20000014                PROVIDE (__preinit_array_start, .)
 *(.preinit_array)
                0x20000014                PROVIDE (__preinit_array_end, .)
                0x20000014                . = ALIGN (0x4)
                0x20000014                PROVIDE (__init_array_start, .)
 *(SORT(.init_array.*))
 *(.init_array)
                0x20000014                PROVIDE (__init_array_end, .)
                0x20000014                . = ALIGN (0x4)
                0x20000014                PROVIDE (__fini_array_start, .)
 *(SORT(.fini_array.*))
 *(.fini_array)
                0x20000014                PROVIDE (__fini_array_end, .)
 *(.jcr*)
                0x20000014                . = ALIGN (0x4)
                0x20000014                __data_end__ = .
                0x20000014                _edata = __data_end__

.igot.plt       0x20000014        0x0 load address 0x08001578
 .igot.plt      0x00000000        0x0 ..\obj\stm32f2xx_hal_spi.o

.bss            0x20000014        0x4 load address 0x08001578
                0x20000014                . = ALIGN (0x4)
                0x20000014                __bss_start__ = .
                0x20000014                _sbss = __bss_start__
 *(.bss*)
 .bss           0x20000014        0x4 ..\obj\stm32f2xx_hal.o
 *(COMMON)
                0x20000018                . = ALIGN (0x4)
                0x20000018                __bss_end__ = .
                0x20000018                _ebss = __bss_end__

.heap           0x20000018        0x0
                0x20000018                __end__ = .
                0x20000018                _end = __end__
                0x20000018                end = __end__
 *(.heap*)
                0x20000018                __HeapLimit = .

.co_stack       0x20000018        0x0
                0x20000018                . = ALIGN (0x8)
 *(.co_stack .co_stack.*)
                0x20020000                __StackTop = (ORIGIN (ram) + 0x20000)
                0x20020000                __StackLimit = (__StackTop - SIZEOF (.co_stack))
                0x20020000                PROVIDE (__stack, __StackTop)
                0x00000001                ASSERT ((__StackLimit >= __HeapLimit), region ram  overflowed with stack)
LOAD ..\obj\stm32f2xx_hal_spi.o
LOAD ..\obj\stm32f2xx_hal_i2c.o
LOAD ..\obj\stm32f2xx_hal_rng.o
LOAD ..\obj\stm32f2xx_hal_pccard.o
LOAD ..\obj\stm32f2xx_hal_cryp.o
LOAD ..\obj\stm32f2xx_hal_eth.o
LOAD ..\obj\startup_stm32f207xx.o
LOAD ..\obj\stm32f2xx_hal_rtc_ex.o
LOAD ..\obj\stm32f2xx_hal_rtc.o
LOAD ..\obj\stm32f2xx_hal_gpio.o
LOAD ..\obj\stm32f2xx_hal_smartcard.o
LOAD ..\obj\stm32f2xx_hal_rcc_ex.o
LOAD ..\obj\stm32f2xx_hal_tim.o
LOAD ..\obj\stm32f2xx_hal_irda.o
LOAD ..\obj\stm32f2xx_hal_usart.o
LOAD ..\obj\stm32f2xx_hal_cortex.o
LOAD ..\obj\main.o
LOAD ..\obj\stm32f2xx_hal_flash.o
LOAD ..\obj\stm32f2xx_hal_pwr.o
LOAD ..\obj\stm32f2xx_hal_can.o
LOAD ..\obj\stm32f2xx_hal_dac_ex.o
LOAD ..\obj\stm32f2xx_hal_dac.o
LOAD ..\obj\stm32f2xx_hal_pwr_ex.o
LOAD ..\obj\stm32f2xx_hal_tim_ex.o
LOAD ..\obj\stm32f2xx_hal_nand.o
LOAD ..\obj\stm32f2xx_hal_crc.o
LOAD ..\obj\stm32f2xx_hal_sram.o
LOAD ..\obj\stm32f2xx_hal_flash_ex.o
LOAD ..\obj\stm32f2xx_hal_rcc.o
LOAD ..\obj\stm32f2xx_ll_sdmmc.o
LOAD ..\obj\stm32f2xx_hal_msp_template.o
LOAD ..\obj\stm32f2xx_hal_hash.o
LOAD ..\obj\stm32f2xx_hal_adc.o
LOAD ..\obj\stm32f2xx_hal_i2s.o
LOAD ..\obj\stm32f2xx_hal_pcd.o
LOAD ..\obj\stm32f2xx_ll_usb.o
LOAD ..\obj\system_stm32f2xx.o
LOAD ..\obj\stm32f2xx_hal_wwdg.o
LOAD ..\obj\stm32f2xx_hal_nor.o
LOAD ..\obj\stm32f2xx_ll_fsmc.o
LOAD ..\obj\stm32f2xx_hal_adc_ex.o
LOAD ..\obj\stm32f2xx_hal_dma_ex.o
LOAD ..\obj\stm32f2xx_hal_hcd.o
LOAD ..\obj\stm32f2xx_hal_iwdg.o
LOAD ..\obj\stm32f2xx_hal.o
LOAD ..\obj\stm32f2xx_hal_dma.o
LOAD ..\obj\stm32f2xx_hal_sd.o
LOAD ..\obj\stm32f2xx_hal_uart.o
LOAD ..\obj\stm32f2xx_hal_dcmi.o
START GROUP
LOAD d:/program files (x86)/gnu tools arm embedded/4.9 2015q1/bin/../lib/gcc/arm-none-eabi/4.9.3/armv7-m\libgcc.a
LOAD d:/program files (x86)/gnu tools arm embedded/4.9 2015q1/bin/../lib/gcc/arm-none-eabi/4.9.3/../../../../arm-none-eabi/lib/armv7-m\libg.a
LOAD d:/program files (x86)/gnu tools arm embedded/4.9 2015q1/bin/../lib/gcc/arm-none-eabi/4.9.3/../../../../arm-none-eabi/lib/armv7-m\libc.a
END GROUP
OUTPUT(fuck.elf elf32-littlearm)

.ARM.attributes
                0x00000000       0x31
 .ARM.attributes
                0x00000000       0x21 ..\obj\startup_stm32f207xx.o
 .ARM.attributes
                0x00000021       0x33 ..\obj\stm32f2xx_hal_gpio.o
 .ARM.attributes
                0x00000054       0x33 ..\obj\stm32f2xx_hal_rcc_ex.o
 .ARM.attributes
                0x00000087       0x33 ..\obj\stm32f2xx_hal_cortex.o
 .ARM.attributes
                0x000000ba       0x33 ..\obj\main.o
 .ARM.attributes
                0x000000ed       0x33 ..\obj\stm32f2xx_hal_rcc.o
 .ARM.attributes
                0x00000120       0x33 ..\obj\stm32f2xx_hal_msp_template.o
 .ARM.attributes
                0x00000153       0x33 ..\obj\system_stm32f2xx.o
 .ARM.attributes
                0x00000186       0x33 ..\obj\stm32f2xx_hal.o

.comment        0x00000000       0x70
 .comment       0x00000000       0x70 ..\obj\stm32f2xx_hal_gpio.o
                                 0x71 (size before relaxing)
 .comment       0x00000000       0x71 ..\obj\stm32f2xx_hal_rcc_ex.o
 .comment       0x00000000       0x71 ..\obj\stm32f2xx_hal_cortex.o
 .comment       0x00000000       0x71 ..\obj\main.o
 .comment       0x00000000       0x71 ..\obj\stm32f2xx_hal_rcc.o
 .comment       0x00000000       0x71 ..\obj\stm32f2xx_hal_msp_template.o
 .comment       0x00000000       0x71 ..\obj\system_stm32f2xx.o
 .comment       0x00000000       0x71 ..\obj\stm32f2xx_hal.o

.debug_line     0x00000000     0x1bc7
 .debug_line    0x00000000       0xa6 ..\obj\startup_stm32f207xx.o
 .debug_line    0x000000a6      0x399 ..\obj\stm32f2xx_hal_gpio.o
 .debug_line    0x0000043f      0x304 ..\obj\stm32f2xx_hal_rcc_ex.o
 .debug_line    0x00000743      0x49c ..\obj\stm32f2xx_hal_cortex.o
 .debug_line    0x00000bdf      0x2c8 ..\obj\main.o
 .debug_line    0x00000ea7      0x61c ..\obj\stm32f2xx_hal_rcc.o
 .debug_line    0x000014c3      0x1c4 ..\obj\stm32f2xx_hal_msp_template.o
 .debug_line    0x00001687      0x1bf ..\obj\system_stm32f2xx.o
 .debug_line    0x00001846      0x381 ..\obj\stm32f2xx_hal.o

.debug_info     0x00000000     0x3b4d
 .debug_info    0x00000000       0xa4 ..\obj\startup_stm32f207xx.o
 .debug_info    0x000000a4      0x65c ..\obj\stm32f2xx_hal_gpio.o
 .debug_info    0x00000700      0x59f ..\obj\stm32f2xx_hal_rcc_ex.o
 .debug_info    0x00000c9f      0xb5d ..\obj\stm32f2xx_hal_cortex.o
 .debug_info    0x000017fc      0x5b0 ..\obj\main.o
 .debug_info    0x00001dac     0x1343 ..\obj\stm32f2xx_hal_rcc.o
 .debug_info    0x000030ef       0xda ..\obj\stm32f2xx_hal_msp_template.o
 .debug_info    0x000031c9      0x49a ..\obj\system_stm32f2xx.o
 .debug_info    0x00003663      0x4ea ..\obj\stm32f2xx_hal.o

.debug_abbrev   0x00000000      0xcb5
 .debug_abbrev  0x00000000       0x12 ..\obj\startup_stm32f207xx.o
 .debug_abbrev  0x00000012      0x19f ..\obj\stm32f2xx_hal_gpio.o
 .debug_abbrev  0x000001b1      0x197 ..\obj\stm32f2xx_hal_rcc_ex.o
 .debug_abbrev  0x00000348      0x27b ..\obj\stm32f2xx_hal_cortex.o
 .debug_abbrev  0x000005c3      0x149 ..\obj\main.o
 .debug_abbrev  0x0000070c      0x2ed ..\obj\stm32f2xx_hal_rcc.o
 .debug_abbrev  0x000009f9       0x65 ..\obj\stm32f2xx_hal_msp_template.o
 .debug_abbrev  0x00000a5e       0xff ..\obj\system_stm32f2xx.o
 .debug_abbrev  0x00000b5d      0x158 ..\obj\stm32f2xx_hal.o

.debug_aranges  0x00000000      0x380
 .debug_aranges
                0x00000000       0x28 ..\obj\startup_stm32f207xx.o
 .debug_aranges
                0x00000028       0x50 ..\obj\stm32f2xx_hal_gpio.o
 .debug_aranges
                0x00000078       0x28 ..\obj\stm32f2xx_hal_rcc_ex.o
 .debug_aranges
                0x000000a0      0x100 ..\obj\stm32f2xx_hal_cortex.o
 .debug_aranges
                0x000001a0       0x40 ..\obj\main.o
 .debug_aranges
                0x000001e0       0x98 ..\obj\stm32f2xx_hal_rcc.o
 .debug_aranges
                0x00000278       0x38 ..\obj\stm32f2xx_hal_msp_template.o
 .debug_aranges
                0x000002b0       0x28 ..\obj\system_stm32f2xx.o
 .debug_aranges
                0x000002d8       0xa8 ..\obj\stm32f2xx_hal.o

.debug_ranges   0x00000000      0x2f8
 .debug_ranges  0x00000000       0x20 ..\obj\startup_stm32f207xx.o
 .debug_ranges  0x00000020       0x40 ..\obj\stm32f2xx_hal_gpio.o
 .debug_ranges  0x00000060       0x18 ..\obj\stm32f2xx_hal_rcc_ex.o
 .debug_ranges  0x00000078       0xf0 ..\obj\stm32f2xx_hal_cortex.o
 .debug_ranges  0x00000168       0x30 ..\obj\main.o
 .debug_ranges  0x00000198       0x88 ..\obj\stm32f2xx_hal_rcc.o
 .debug_ranges  0x00000220       0x28 ..\obj\stm32f2xx_hal_msp_template.o
 .debug_ranges  0x00000248       0x18 ..\obj\system_stm32f2xx.o
 .debug_ranges  0x00000260       0x98 ..\obj\stm32f2xx_hal.o

.debug_str      0x00000000     0x13e1
 .debug_str     0x00000000      0x3d8 ..\obj\stm32f2xx_hal_gpio.o
                                0x452 (size before relaxing)
 .debug_str     0x000003d8      0x1a3 ..\obj\stm32f2xx_hal_rcc_ex.o
                                0x3ef (size before relaxing)
 .debug_str     0x0000057b      0x812 ..\obj\stm32f2xx_hal_cortex.o
                                0xa94 (size before relaxing)
 .debug_str     0x00000d8d      0x19c ..\obj\main.o
                                0x4f8 (size before relaxing)
 .debug_str     0x00000f29      0x1f5 ..\obj\stm32f2xx_hal_rcc.o
                                0xc28 (size before relaxing)
 .debug_str     0x0000111e       0x9a ..\obj\stm32f2xx_hal_msp_template.o
                                0x1c2 (size before relaxing)
 .debug_str     0x000011b8       0x79 ..\obj\system_stm32f2xx.o
                                0x346 (size before relaxing)
 .debug_str     0x00001231      0x1b0 ..\obj\stm32f2xx_hal.o
                                0x482 (size before relaxing)

.debug_frame    0x00000000      0xbdc
 .debug_frame   0x00000000      0x128 ..\obj\stm32f2xx_hal_gpio.o
 .debug_frame   0x00000128       0x5c ..\obj\stm32f2xx_hal_rcc_ex.o
 .debug_frame   0x00000184      0x428 ..\obj\stm32f2xx_hal_cortex.o
 .debug_frame   0x000005ac       0xac ..\obj\main.o
 .debug_frame   0x00000658      0x250 ..\obj\stm32f2xx_hal_rcc.o
 .debug_frame   0x000008a8       0x90 ..\obj\stm32f2xx_hal_msp_template.o
 .debug_frame   0x00000938       0x58 ..\obj\system_stm32f2xx.o
 .debug_frame   0x00000990      0x24c ..\obj\stm32f2xx_hal.o
